{"type":"server-started","port":53354,"host":"127.0.0.1","url_host":"localhost","url":"http://localhost:53354","screen_dir":"C:\\Users\\MathiasNielsen-SPINO\\Downloads\\voicenote_1\\voicenote\\.superpowers\\brainstorm\\manual-20260511c\\content","state_dir":"C:\\Users\\MathiasNielsen-SPINO\\Downloads\\voicenote_1\\voicenote\\.superpowers\\brainstorm\\manual-20260511c\\state"}
{"type":"screen-added","file":"C:\\Users\\MathiasNielsen-SPINO\\Downloads\\voicenote_1\\voicenote\\.superpowers\\brainstorm\\manual-20260511c\\content\\connection-test.html"}
{"source":"user-event","type":"click","text":"A\n    \n      Menu Bar Utility\n      Polished floating voicebar, compact native-style settings, and tray-first workflows.","choice":"menu-bar-utility","id":null,"timestamp":1778506437777}
{"source":"user-event","type":"click","text":"A\n    \n      Menu Bar Utility\n      Polished floating voicebar, compact native-style settings, and tray-first workflows.","choice":"menu-bar-utility","id":null,"timestamp":1778506438544}
{"source":"user-event","type":"click","text":"A\n    \n      Menu Bar Utility\n      Polished floating voicebar, compact native-style settings, and tray-first workflows.","choice":"menu-bar-utility","id":null,"timestamp":1778506439046}
{"source":"user-event","type":"click","text":"B\n    \n      Desktop Productivity App\n      Larger window with history, prompt profiles, diagnostics, and richer transcript management.","choice":"desktop-productivity-app","id":null,"timestamp":1778506439358}
{"source":"user-event","type":"click","text":"A\n    \n      Menu Bar Utility\n      Polished floating voicebar, compact native-style settings, and tray-first workflows.","choice":"menu-bar-utility","id":null,"timestamp":1778506439935}
{"source":"user-event","type":"click","text":"B\n    \n      Desktop Productivity App\n      Larger window with history, prompt profiles, diagnostics, and richer transcript management.","choice":"desktop-productivity-app","id":null,"timestamp":1778506440795}
{"source":"user-event","type":"click","text":"A\n    \n      Menu Bar Utility\n      Polished floating voicebar, compact native-style settings, and tray-first workflows.","choice":"menu-bar-utility","id":null,"timestamp":1778506445402}
{"source":"user-event","type":"click","text":"B\n    \n      Desktop Productivity App\n      Larger window with history, prompt profiles, diagnostics, and richer transcript management.","choice":"desktop-productivity-app","id":null,"timestamp":1778506446118}
{"source":"user-event","type":"click","text":"A\n    \n      Menu Bar Utility\n      Polished floating voicebar, compact native-style settings, and tray-first workflows.","choice":"menu-bar-utility","id":null,"timestamp":1778506446535}
{"source":"user-event","type":"click","text":"B\n    \n      Desktop Productivity App\n      Larger window with history, prompt profiles, diagnostics, and richer transcript management.","choice":"desktop-productivity-app","id":null,"timestamp":1778506447083}
{"source":"user-event","type":"click","text":"A\n    \n      Menu Bar Utility\n      Polished floating voicebar, compact native-style settings, and tray-first workflows.","choice":"menu-bar-utility","id":null,"timestamp":1778506447581}
{"source":"user-event","type":"click","text":"B\n    \n      Desktop Productivity App\n      Larger window with history, prompt profiles, diagnostics, and richer transcript management.","choice":"desktop-productivity-app","id":null,"timestamp":1778506447916}
{"source":"user-event","type":"click","text":"A\n    \n      Menu Bar Utility\n      Polished floating voicebar, compact native-style settings, and tray-first workflows.","choice":"menu-bar-utility","id":null,"timestamp":1778506449729}
{"type":"screen-added","file":"C:\\Users\\MathiasNielsen-SPINO\\Downloads\\voicenote_1\\voicenote\\.superpowers\\brainstorm\\manual-20260511c\\content\\redesign-approaches.html"}
{"source":"user-event","type":"click","text":"●\n          \n            \n            \n          \n          00:12\n        \n        \n          \n            \n            \n            \n          \n          \n            \n            \n            \n          \n        \n      \n    \n    \n      A. Focused Utility Polish\n      Keep the app compact. Redesign the voicebar, settings, onboarding, and empty states into one coherent native-feeling utility. Remove or demote half-built surfaces.","choice":"focused-utility","id":null,"timestamp":1778506604983}
{"source":"user-event","type":"click","text":"C. Guided Setup First\n      Prioritize onboarding and “it always works” flows: permissions, model install, shortcut setup, mic diagnostics, and clear recovery when something fails.","choice":"progressive-setup","id":null,"timestamp":1778506605548}
{"source":"user-event","type":"click","text":"●\n          \n            \n            \n          \n          00:12\n        \n        \n          \n            \n            \n            \n          \n          \n            \n            \n            \n          \n        \n      \n    \n    \n      A. Focused Utility Polish\n      Keep the app compact. Redesign the voicebar, settings, onboarding, and empty states into one coherent native-feeling utility. Remove or demote half-built surfaces.","choice":"focused-utility","id":null,"timestamp":1778506606538}
{"source":"user-event","type":"click","text":"C. Guided Setup First\n      Prioritize onboarding and “it always works” flows: permissions, model install, shortcut setup, mic diagnostics, and clear recovery when something fails.","choice":"progressive-setup","id":null,"timestamp":1778506607342}
{"source":"user-event","type":"click","text":"●\n          \n            \n            \n          \n          00:12\n        \n        \n          \n            \n            \n            \n          \n          \n            \n            \n            \n          \n        \n      \n    \n    \n      A. Focused Utility Polish\n      Keep the app compact. Redesign the voicebar, settings, onboarding, and empty states into one coherent native-feeling utility. Remove or demote half-built surfaces.","choice":"focused-utility","id":null,"timestamp":1778506608332}
{"type":"server-stopped","reason":"idle timeout"}
